<?xml version="1.0" encoding="utf-8"?>
<TestRun id="93b58f1e-9218-4dc5-8938-02396afbac5a" name="@runnervmeorf1 2026-05-16 15:23:54" xmlns="http://microsoft.com/schemas/VisualStudio/TeamTest/2010">
  <Times creation="2026-05-16T15:23:54.1797255+00:00" queuing="2026-05-16T15:23:54.1797256+00:00" start="2026-05-16T15:23:50.2615948+00:00" finish="2026-05-16T15:23:54.1922617+00:00" />
  <TestSettings name="default" id="6991629b-050a-48e5-ae03-03f55d154cd5">
    <Deployment runDeploymentRoot="_runnervmeorf1_2026-05-16_15_23_54" />
  </TestSettings>
  <Results>
    <UnitTestResult executionId="7fb3f21c-905f-467c-b8ef-4ae7715cf63d" testId="b2a5ffe6-d90a-f88a-860f-054da5e88f3b" testName="Broiler.JavaScript.BuiltIns.Tests.BuiltInsTests.Generator_And_AsyncGenerator_Parameter_Abrupt_Completions_Throw_On_Call" computerName="runnervmeorf1" duration="00:00:01.1140850" startTime="2026-05-16T15:23:53.9527339+00:00" endTime="2026-05-16T15:23:53.9527630+00:00" testType="13cdc9d9-ddb5-4fa4-a97d-d965ccfc6d4b" outcome="Passed" testListId="8c84fa94-04c1-424b-9868-57a2d4851a1d" relativeResultsDirectory="7fb3f21c-905f-467c-b8ef-4ae7715cf63d" />
  </Results>
  <TestDefinitions>
    <UnitTest name="Broiler.JavaScript.BuiltIns.Tests.BuiltInsTests.Generator_And_AsyncGenerator_Parameter_Abrupt_Completions_Throw_On_Call" storage="/home/runner/work/broiler.js/broiler.js/broiler.js/broiler.javascript.builtins.tests/bin/debug/net8.0/broiler.javascript.builtins.tests.dll" id="b2a5ffe6-d90a-f88a-860f-054da5e88f3b">
      <Execution id="7fb3f21c-905f-467c-b8ef-4ae7715cf63d" />
      <TestMethod codeBase="/home/runner/work/Broiler.JS/Broiler.JS/Broiler.JS/Broiler.JavaScript.BuiltIns.Tests/bin/Debug/net8.0/Broiler.JavaScript.BuiltIns.Tests.dll" adapterTypeName="executor://xunit/VsTestRunner2/netcoreapp" className="Broiler.JavaScript.BuiltIns.Tests.BuiltInsTests" name="Generator_And_AsyncGenerator_Parameter_Abrupt_Completions_Throw_On_Call" />
    </UnitTest>
  </TestDefinitions>
  <TestEntries>
    <TestEntry testId="b2a5ffe6-d90a-f88a-860f-054da5e88f3b" executionId="7fb3f21c-905f-467c-b8ef-4ae7715cf63d" testListId="8c84fa94-04c1-424b-9868-57a2d4851a1d" />
  </TestEntries>
  <TestLists>
    <TestList name="Results Not in a List" id="8c84fa94-04c1-424b-9868-57a2d4851a1d" />
    <TestList name="All Loaded Results" id="19431567-8539-422a-85d7-44ee4e166bda" />
  </TestLists>
  <ResultSummary outcome="Completed">
    <Counters total="1" executed="1" passed="1" failed="0" error="0" timeout="0" aborted="0" inconclusive="0" passedButRunAborted="0" notRunnable="0" notExecuted="0" disconnected="0" warning="0" completed="0" inProgress="0" pending="0" />
    <Output>
      <StdOut>[xUnit.net 00:00:00.00] xUnit.net VSTest Adapter v2.5.3.1+6b60a9e56a (64-bit .NET 8.0.25)
[xUnit.net 00:00:00.34]   Discovering: Broiler.JavaScript.BuiltIns.Tests
[xUnit.net 00:00:00.58]   Discovered:  Broiler.JavaScript.BuiltIns.Tests
[xUnit.net 00:00:00.62]   Starting:    Broiler.JavaScript.BuiltIns.Tests
[JSException.Throw] Test262Error: Internal Error
  Function: , File: , Line: 0
   at Broiler.JavaScript.Runtime.JSException.Throw(JSValue value, String function, String filePath, Int32 line) in /home/runner/work/Broiler.JS/Broiler.JS/Broiler.JS/Broiler.JavaScript.Runtime/JSException.cs:line 106
   at inline-vm.js:16,35(Closures, Arguments&amp;)
   at Broiler.JavaScript.BuiltIns.Function.JSFunction.InvokeFunction(Arguments&amp; a)
   at inline-vm.js:16,20(Closures, ClrGeneratorV2, Arguments&amp;, Int32, JSValue, Exception)
   at Broiler.JavaScript.LinqExpressions.LinqExpressions.GeneratorsV2.ClrGeneratorV2.GetNext(Int32 nextJump, JSValue lastValue, Exception nextExp)
   at Broiler.JavaScript.LinqExpressions.LinqExpressions.GeneratorsV2.ClrGeneratorV2.Next(JSValue next, JSValue&amp; value, Boolean&amp; done)
   at Broiler.JavaScript.BuiltIns.Generator.JSGenerator.MoveNext(JSValue replaceOld, JSValue&amp; item)
   at Broiler.JavaScript.BuiltIns.Function.JSGeneratorFunctionV2.InvokeFunction(Arguments&amp; a)
   at inline-vm.js:25,19(Closures, Arguments&amp;)
   at Broiler.JavaScript.BuiltIns.Function.JSFunction.InvokeFunction(Arguments&amp; a)
   at thrownCtor-vm.js:4,4(Closures, Arguments&amp;)
   at Broiler.JavaScript.BuiltIns.Function.JSFunction.InvokeFunction(Arguments&amp; a)
   at inline-vm.js:1,2(Closures, Arguments&amp;)
   at Broiler.JavaScript.BuiltIns.Function.JSFunction.InvokeFunction(Arguments&amp; a)
   at body-:0,0(Closures, Arguments&amp;)
   at Broiler.JavaScript.Engine.JSContext.Eval(String code, String codeFilePath, JSValue this)
   at Broiler.JavaScript.BuiltIns.Tests.BuiltInsTests.Generator_And_AsyncGenerator_Parameter_Abrupt_Completions_Throw_On_Call()
   at System.RuntimeMethodHandle.InvokeMethod(Object target, Void** arguments, Signature sig, Boolean isConstructor)
   at System.Reflection.MethodBaseInvoker.InvokeWithNoArgs(Object obj, BindingFlags invokeAttr)
   at Xunit.Sdk.TestInvoker`1.CallTestMethod(Object testClassInstance)
   at Xunit.Sdk.TestInvoker`1.&lt;&gt;c__DisplayClass48_0.&lt;&lt;InvokeTestMethodAsync&gt;b__1&gt;d.MoveNext()
   at System.Runtime.CompilerServices.AsyncMethodBuilderCore.Start[TStateMachine](TStateMachine&amp; stateMachine)
   at Xunit.Sdk.TestInvoker`1.&lt;&gt;c__DisplayClass48_0.&lt;InvokeTestMethodAsync&gt;b__1()
   at Xunit.Sdk.ExecutionTimer.AggregateAsync(Func`1 asyncAction)
   at System.Runtime.CompilerServices.AsyncMethodBuilderCore.Start[TStateMachine](TStateMachine&amp; stateMachine)
   at Xunit.Sdk.ExecutionTimer.AggregateAsync(Func`1 asyncAction)
   at Xunit.Sdk.TestInvoker`1.&lt;&gt;c__DisplayClass48_0.&lt;InvokeTestMethodAsync&gt;b__0()
   at Xunit.Sdk.ExceptionAggregator.RunAsync(Func`1 code)
   at System.Runtime.CompilerServices.AsyncMethodBuilderCore.Start[TStateMachine](TStateMachine&amp; stateMachine)
   at Xunit.Sdk.ExceptionAggregator.RunAsync(Func`1 code)
   at Xunit.Sdk.TestInvoker`1.InvokeTestMethodAsync(Object testClassInstance)
   at System.Runtime.CompilerServices.AsyncMethodBuilderCore.Start[TStateMachine](TStateMachine&amp; stateMachine)
   at Xunit.Sdk.TestInvoker`1.InvokeTestMethodAsync(Object testClassInstance)
   at Xunit.Sdk.XunitTestInvoker.InvokeTestMethodAsync(Object testClassInstance)
   at Xunit.Sdk.TestInvoker`1.&lt;RunAsync&gt;b__47_0()
   at System.Runtime.CompilerServices.AsyncMethodBuilderCore.Start[TStateMachine](TStateMachine&amp; stateMachine)
   at Xunit.Sdk.TestInvoker`1.&lt;RunAsync&gt;b__47_0()
   at Xunit.Sdk.ExceptionAggregator.RunAsync[T](Func`1 code)
   at System.Runtime.CompilerServices.AsyncMethodBuilderCore.Start[TStateMachine](TStateMachine&amp; stateMachine)
   at Xunit.Sdk.ExceptionAggregator.RunAsync[T](Func`1 code)
   at Xunit.Sdk.TestInvoker`1.RunAsync()
   at Xunit.Sdk.XunitTestRunner.InvokeTestMethodAsync(ExceptionAggregator aggregator)
   at Xunit.Sdk.XunitTestRunner.InvokeTestAsync(ExceptionAggregator aggregator)
   at System.Runtime.CompilerServices.AsyncMethodBuilderCore.Start[TStateMachine](TStateMachine&amp; stateMachine)
   at Xunit.Sdk.XunitTestRunner.InvokeTestAsync(ExceptionAggregator aggregator)
   at Xunit.Sdk.TestRunner`1.&lt;&gt;c__DisplayClass43_0.&lt;RunAsync&gt;b__0()
   at Xunit.Sdk.ExceptionAggregator.RunAsync[T](Func`1 code)
   at System.Runtime.CompilerServices.AsyncMethodBuilderCore.Start[TStateMachine](TStateMachine&amp; stateMachine)
   at Xunit.Sdk.ExceptionAggregator.RunAsync[T](Func`1 code)
   at Xunit.Sdk.TestRunner`1.RunAsync()
   at System.Runtime.CompilerServices.AsyncMethodBuilderCore.Start[TStateMachine](TStateMachine&amp; stateMachine)
   at Xunit.Sdk.TestRunner`1.RunAsync()
   at Xunit.Sdk.XunitTestCaseRunner.RunTestAsync()
   at Xunit.Sdk.TestCaseRunner`1.RunAsync()
   at System.Runtime.CompilerServices.AsyncMethodBuilderCore.Start[TStateMachine](TStateMachine&amp; stateMachine)
   at Xunit.Sdk.TestCaseRunner`1.RunAsync()
   at Xunit.Sdk.XunitTestCase.RunAsync(IMessageSink diagnosticMessageSink, IMessageBus messageBus, Object[] constructorArguments, ExceptionAggregator aggregator, CancellationTokenSource cancellationTokenSource)
   at Xunit.Sdk.XunitTestMethodRunner.RunTestCaseAsync(IXunitTestCase testCase)
   at Xunit.Sdk.TestMethodRunner`1.RunTestCasesAsync()
   at System.Runtime.CompilerServices.AsyncMethodBuilderCore.Start[TStateMachine](TStateMachine&amp; stateMachine)
   at Xunit.Sdk.TestMethodRunner`1.RunTestCasesAsync()
   at Xunit.Sdk.TestMethodRunner`1.RunAsync()
   at System.Runtime.CompilerServices.AsyncMethodBuilderCore.Start[TStateMachine](TStateMachine&amp; stateMachine)
   at Xunit.Sdk.TestMethodRunner`1.RunAsync()
   at Xunit.Sdk.XunitTestClassRunner.RunTestMethodAsync(ITestMethod testMethod, IReflectionMethodInfo method, IEnumerable`1 testCases, Object[] constructorArguments)
   at Xunit.Sdk.TestClassRunner`1.RunTestMethodsAsync()
   at System.Runtime.CompilerServices.AsyncMethodBuilderCore.Start[TStateMachine](TStateMachine&amp; stateMachine)
   at Xunit.Sdk.TestClassRunner`1.RunTestMethodsAsync()
   at Xunit.Sdk.TestClassRunner`1.RunAsync()
   at System.Runtime.CompilerServices.AsyncMethodBuilderCore.Start[TStateMachine](TStateMachine&amp; stateMachine)
   at Xunit.Sdk.TestClassRunner`1.RunAsync()
   at Xunit.Sdk.XunitTestCollectionRunner.RunTestClassAsync(ITestClass testClass, IReflectionTypeInfo class, IEnumerable`1 testCases)
   at Xunit.Sdk.TestCollectionRunner`1.RunTestClassesAsync()
   at System.Runtime.CompilerServices.AsyncMethodBuilderCore.Start[TStateMachine](TStateMachine&amp; stateMachine)
   at Xunit.Sdk.TestCollectionRunner`1.RunTestClassesAsync()
   at Xunit.Sdk.TestCollectionRunner`1.RunAsync()
   at System.Runtime.CompilerServices.AsyncMethodBuilderCore.Start[TStateMachine](TStateMachine&amp; stateMachine)
   at Xunit.Sdk.TestCollectionRunner`1.RunAsync()
   at Xunit.Sdk.XunitTestAssemblyRunner.RunTestCollectionAsync(IMessageBus messageBus, ITestCollection testCollection, IEnumerable`1 testCases, CancellationTokenSource cancellationTokenSource)
   at Xunit.Sdk.XunitTestAssemblyRunner.&lt;&gt;c__DisplayClass14_2.&lt;RunTestCollectionsAsync&gt;b__2()
   at System.Threading.Tasks.Task`1.InnerInvoke()
   at System.Threading.ExecutionContext.RunInternal(ExecutionContext executionContext, ContextCallback callback, Object state)
   at System.Threading.Tasks.Task.ExecuteWithThreadLocal(Task&amp; currentTaskSlot, Thread threadPoolThread)
   at System.Threading.Tasks.Task.ExecuteEntry()
   at System.Threading.Tasks.SynchronizationContextTaskScheduler.&lt;&gt;c.&lt;.cctor&gt;b__8_0(Object s)
   at Xunit.Sdk.MaxConcurrencySyncContext.RunOnSyncContext(SendOrPostCallback callback, Object state)
   at Xunit.Sdk.MaxConcurrencySyncContext.&lt;&gt;c__DisplayClass11_0.&lt;WorkerThreadProc&gt;b__0(Object _)
   at System.Threading.ExecutionContext.RunInternal(ExecutionContext executionContext, ContextCallback callback, Object state)
   at Xunit.Sdk.ExecutionContextHelper.Run(Object context, Action`1 action)
   at Xunit.Sdk.MaxConcurrencySyncContext.WorkerThreadProc()
   at Xunit.Sdk.XunitWorkerThread.&lt;&gt;c.&lt;QueueUserWorkItem&gt;b__5_0(Object _)
   at System.Threading.ExecutionContext.RunInternal(ExecutionContext executionContext, ContextCallback callback, Object state)
   at System.Threading.Tasks.Task.ExecuteWithThreadLocal(Task&amp; currentTaskSlot, Thread threadPoolThread)
[JSException.Throw] Test262Error: Internal Error
  Function: , File: , Line: 0
   at Broiler.JavaScript.Runtime.JSException.Throw(JSValue value, String function, String filePath, Int32 line) in /home/runner/work/Broiler.JS/Broiler.JS/Broiler.JS/Broiler.JavaScript.Runtime/JSException.cs:line 106
   at inline-vm.js:20,48(Closures, Arguments&amp;)
   at Broiler.JavaScript.BuiltIns.Function.JSFunction.InvokeFunction(Arguments&amp; a)
   at inline-vm.js:20,31(Closures, ClrGeneratorV2, Arguments&amp;, Int32, JSValue, Exception)
   at Broiler.JavaScript.LinqExpressions.LinqExpressions.GeneratorsV2.ClrGeneratorV2.GetNext(Int32 nextJump, JSValue lastValue, Exception nextExp)
   at Broiler.JavaScript.LinqExpressions.LinqExpressions.GeneratorsV2.ClrGeneratorV2.Next(JSValue next, JSValue&amp; value, Boolean&amp; done)
   at Broiler.JavaScript.BuiltIns.Generator.JSGenerator.MoveNext(JSValue replaceOld, JSValue&amp; item)
   at Broiler.JavaScript.BuiltIns.Function.JSGeneratorFunctionV2.InvokeFunction(Arguments&amp; a)
   at inline-vm.js:27,19(Closures, Arguments&amp;)
   at Broiler.JavaScript.BuiltIns.Function.JSFunction.InvokeFunction(Arguments&amp; a)
   at thrownCtor-vm.js:4,4(Closures, Arguments&amp;)
   at Broiler.JavaScript.BuiltIns.Function.JSFunction.InvokeFunction(Arguments&amp; a)
   at inline-vm.js:1,2(Closures, Arguments&amp;)
   at Broiler.JavaScript.BuiltIns.Function.JSFunction.InvokeFunction(Arguments&amp; a)
   at body-:0,0(Closures, Arguments&amp;)
   at Broiler.JavaScript.Engine.JSContext.Eval(String code, String codeFilePath, JSValue this)
   at Broiler.JavaScript.BuiltIns.Tests.BuiltInsTests.Generator_And_AsyncGenerator_Parameter_Abrupt_Completions_Throw_On_Call()
   at System.RuntimeMethodHandle.InvokeMethod(Object target, Void** arguments, Signature sig, Boolean isConstructor)
   at System.Reflection.MethodBaseInvoker.InvokeWithNoArgs(Object obj, BindingFlags invokeAttr)
   at Xunit.Sdk.TestInvoker`1.CallTestMethod(Object testClassInstance)
   at Xunit.Sdk.TestInvoker`1.&lt;&gt;c__DisplayClass48_0.&lt;&lt;InvokeTestMethodAsync&gt;b__1&gt;d.MoveNext()
   at System.Runtime.CompilerServices.AsyncMethodBuilderCore.Start[TStateMachine](TStateMachine&amp; stateMachine)
   at Xunit.Sdk.TestInvoker`1.&lt;&gt;c__DisplayClass48_0.&lt;InvokeTestMethodAsync&gt;b__1()
   at Xunit.Sdk.ExecutionTimer.AggregateAsync(Func`1 asyncAction)
   at System.Runtime.CompilerServices.AsyncMethodBuilderCore.Start[TStateMachine](TStateMachine&amp; stateMachine)
   at Xunit.Sdk.ExecutionTimer.AggregateAsync(Func`1 asyncAction)
   at Xunit.Sdk.TestInvoker`1.&lt;&gt;c__DisplayClass48_0.&lt;InvokeTestMethodAsync&gt;b__0()
   at Xunit.Sdk.ExceptionAggregator.RunAsync(Func`1 code)
   at System.Runtime.CompilerServices.AsyncMethodBuilderCore.Start[TStateMachine](TStateMachine&amp; stateMachine)
   at Xunit.Sdk.ExceptionAggregator.RunAsync(Func`1 code)
   at Xunit.Sdk.TestInvoker`1.InvokeTestMethodAsync(Object testClassInstance)
   at System.Runtime.CompilerServices.AsyncMethodBuilderCore.Start[TStateMachine](TStateMachine&amp; stateMachine)
   at Xunit.Sdk.TestInvoker`1.InvokeTestMethodAsync(Object testClassInstance)
   at Xunit.Sdk.XunitTestInvoker.InvokeTestMethodAsync(Object testClassInstance)
   at Xunit.Sdk.TestInvoker`1.&lt;RunAsync&gt;b__47_0()
   at System.Runtime.CompilerServices.AsyncMethodBuilderCore.Start[TStateMachine](TStateMachine&amp; stateMachine)
   at Xunit.Sdk.TestInvoker`1.&lt;RunAsync&gt;b__47_0()
   at Xunit.Sdk.ExceptionAggregator.RunAsync[T](Func`1 code)
   at System.Runtime.CompilerServices.AsyncMethodBuilderCore.Start[TStateMachine](TStateMachine&amp; stateMachine)
   at Xunit.Sdk.ExceptionAggregator.RunAsync[T](Func`1 code)
   at Xunit.Sdk.TestInvoker`1.RunAsync()
   at Xunit.Sdk.XunitTestRunner.InvokeTestMethodAsync(ExceptionAggregator aggregator)
   at Xunit.Sdk.XunitTestRunner.InvokeTestAsync(ExceptionAggregator aggregator)
   at System.Runtime.CompilerServices.AsyncMethodBuilderCore.Start[TStateMachine](TStateMachine&amp; stateMachine)
   at Xunit.Sdk.XunitTestRunner.InvokeTestAsync(ExceptionAggregator aggregator)
   at Xunit.Sdk.TestRunner`1.&lt;&gt;c__DisplayClass43_0.&lt;RunAsync&gt;b__0()
   at Xunit.Sdk.ExceptionAggregator.RunAsync[T](Func`1 code)
   at System.Runtime.CompilerServices.AsyncMethodBuilderCore.Start[TStateMachine](TStateMachine&amp; stateMachine)
   at Xunit.Sdk.ExceptionAggregator.RunAsync[T](Func`1 code)
   at Xunit.Sdk.TestRunner`1.RunAsync()
   at System.Runtime.CompilerServices.AsyncMethodBuilderCore.Start[TStateMachine](TStateMachine&amp; stateMachine)
   at Xunit.Sdk.TestRunner`1.RunAsync()
   at Xunit.Sdk.XunitTestCaseRunner.RunTestAsync()
   at Xunit.Sdk.TestCaseRunner`1.RunAsync()
   at System.Runtime.CompilerServices.AsyncMethodBuilderCore.Start[TStateMachine](TStateMachine&amp; stateMachine)
   at Xunit.Sdk.TestCaseRunner`1.RunAsync()
   at Xunit.Sdk.XunitTestCase.RunAsync(IMessageSink diagnosticMessageSink, IMessageBus messageBus, Object[] constructorArguments, ExceptionAggregator aggregator, CancellationTokenSource cancellationTokenSource)
   at Xunit.Sdk.XunitTestMethodRunner.RunTestCaseAsync(IXunitTestCase testCase)
   at Xunit.Sdk.TestMethodRunner`1.RunTestCasesAsync()
   at System.Runtime.CompilerServices.AsyncMethodBuilderCore.Start[TStateMachine](TStateMachine&amp; stateMachine)
   at Xunit.Sdk.TestMethodRunner`1.RunTestCasesAsync()
   at Xunit.Sdk.TestMethodRunner`1.RunAsync()
   at System.Runtime.CompilerServices.AsyncMethodBuilderCore.Start[TStateMachine](TStateMachine&amp; stateMachine)
   at Xunit.Sdk.TestMethodRunner`1.RunAsync()
   at Xunit.Sdk.XunitTestClassRunner.RunTestMethodAsync(ITestMethod testMethod, IReflectionMethodInfo method, IEnumerable`1 testCases, Object[] constructorArguments)
   at Xunit.Sdk.TestClassRunner`1.RunTestMethodsAsync()
   at System.Runtime.CompilerServices.AsyncMethodBuilderCore.Start[TStateMachine](TStateMachine&amp; stateMachine)
   at Xunit.Sdk.TestClassRunner`1.RunTestMethodsAsync()
   at Xunit.Sdk.TestClassRunner`1.RunAsync()
   at System.Runtime.CompilerServices.AsyncMethodBuilderCore.Start[TStateMachine](TStateMachine&amp; stateMachine)
   at Xunit.Sdk.TestClassRunner`1.RunAsync()
   at Xunit.Sdk.XunitTestCollectionRunner.RunTestClassAsync(ITestClass testClass, IReflectionTypeInfo class, IEnumerable`1 testCases)
   at Xunit.Sdk.TestCollectionRunner`1.RunTestClassesAsync()
   at System.Runtime.CompilerServices.AsyncMethodBuilderCore.Start[TStateMachine](TStateMachine&amp; stateMachine)
   at Xunit.Sdk.TestCollectionRunner`1.RunTestClassesAsync()
   at Xunit.Sdk.TestCollectionRunner`1.RunAsync()
   at System.Runtime.CompilerServices.AsyncMethodBuilderCore.Start[TStateMachine](TStateMachine&amp; stateMachine)
   at Xunit.Sdk.TestCollectionRunner`1.RunAsync()
   at Xunit.Sdk.XunitTestAssemblyRunner.RunTestCollectionAsync(IMessageBus messageBus, ITestCollection testCollection, IEnumerable`1 testCases, CancellationTokenSource cancellationTokenSource)
   at Xunit.Sdk.XunitTestAssemblyRunner.&lt;&gt;c__DisplayClass14_2.&lt;RunTestCollectionsAsync&gt;b__2()
   at System.Threading.Tasks.Task`1.InnerInvoke()
   at System.Threading.ExecutionContext.RunInternal(ExecutionContext executionContext, ContextCallback callback, Object state)
   at System.Threading.Tasks.Task.ExecuteWithThreadLocal(Task&amp; currentTaskSlot, Thread threadPoolThread)
   at System.Threading.Tasks.Task.ExecuteEntry()
   at System.Threading.Tasks.SynchronizationContextTaskScheduler.&lt;&gt;c.&lt;.cctor&gt;b__8_0(Object s)
   at Xunit.Sdk.MaxConcurrencySyncContext.RunOnSyncContext(SendOrPostCallback callback, Object state)
   at Xunit.Sdk.MaxConcurrencySyncContext.&lt;&gt;c__DisplayClass11_0.&lt;WorkerThreadProc&gt;b__0(Object _)
   at System.Threading.ExecutionContext.RunInternal(ExecutionContext executionContext, ContextCallback callback, Object state)
   at Xunit.Sdk.ExecutionContextHelper.Run(Object context, Action`1 action)
   at Xunit.Sdk.MaxConcurrencySyncContext.WorkerThreadProc()
   at Xunit.Sdk.XunitWorkerThread.&lt;&gt;c.&lt;QueueUserWorkItem&gt;b__5_0(Object _)
   at System.Threading.ExecutionContext.RunInternal(ExecutionContext executionContext, ContextCallback callback, Object state)
   at System.Threading.Tasks.Task.ExecuteWithThreadLocal(Task&amp; currentTaskSlot, Thread threadPoolThread)
[xUnit.net 00:00:01.98]   Finished:    Broiler.JavaScript.BuiltIns.Tests
</StdOut>
    </Output>
  </ResultSummary>
</TestRun>